
PROGRAM "D:\codewarrior\debug_test\bin\Project.abs"

*********************************************************************************************
TARGET SECTION
---------------------------------------------------------------------------------------------
Processor   : Freescale HC12
Memory Model: BANKED
File Format : ELF\DWARF 2.0
Linker      : SmartLinker V-5.0.52 Build 15249, Sep  7 2015

*********************************************************************************************
FILE SECTION
---------------------------------------------------------------------------------------------
Start12.c.o                             Model: BANKED,        Lang: ANSI-C,        Compiler Version: ANSI-C/cC++ Compiler for HC12 V-5.0.46 Build 15249, Sep  7 2015
STDLIB.C.o (ansixbi.lib)                Model: BANKED,        Lang: ANSI-C,        Compiler Version: ANSI-C/cC++ Compiler for HC12 V-5.0.46 Build 15249, Sep  7 2015
rtshc12.c.o (ansixbi.lib)               Model: BANKED,        Lang: ANSI-C,        Compiler Version: ANSI-C/cC++ Compiler for HC12 V-5.0.46 Build 15249, Sep  7 2015
Cpu.c.o                                 Model: BANKED,        Lang: ANSI-C,        Compiler Version: ANSI-C/cC++ Compiler for HC12 V-5.0.46 Build 15249, Sep  7 2015
IO_Map.c.o                              Model: BANKED,        Lang: ANSI-C,        Compiler Version: ANSI-C/cC++ Compiler for HC12 V-5.0.46 Build 15249, Sep  7 2015
Vectors.c.o                             Model: BANKED,        Lang: ANSI-C,        Compiler Version: ANSI-C/cC++ Compiler for HC12 V-5.0.46 Build 15249, Sep  7 2015
Events.c.o                              Model: BANKED,        Lang: ANSI-C,        Compiler Version: ANSI-C/cC++ Compiler for HC12 V-5.0.46 Build 15249, Sep  7 2015
debug_test.c.o                          Model: BANKED,        Lang: ANSI-C,        Compiler Version: ANSI-C/cC++ Compiler for HC12 V-5.0.46 Build 15249, Sep  7 2015
TI1.c.o                                 Model: BANKED,        Lang: ANSI-C,        Compiler Version: ANSI-C/cC++ Compiler for HC12 V-5.0.46 Build 15249, Sep  7 2015
TI2.c.o                                 Model: BANKED,        Lang: ANSI-C,        Compiler Version: ANSI-C/cC++ Compiler for HC12 V-5.0.46 Build 15249, Sep  7 2015
CS2.c.o                                 Model: BANKED,        Lang: ANSI-C,        Compiler Version: ANSI-C/cC++ Compiler for HC12 V-5.0.46 Build 15249, Sep  7 2015
CS1.c.o                                 Model: BANKED,        Lang: ANSI-C,        Compiler Version: ANSI-C/cC++ Compiler for HC12 V-5.0.46 Build 15249, Sep  7 2015
SPI_1.c.o                               Model: BANKED,        Lang: ANSI-C,        Compiler Version: ANSI-C/cC++ Compiler for HC12 V-5.0.46 Build 15249, Sep  7 2015
SPI_2.c.o                               Model: BANKED,        Lang: ANSI-C,        Compiler Version: ANSI-C/cC++ Compiler for HC12 V-5.0.46 Build 15249, Sep  7 2015
CAN1.c.o                                Model: BANKED,        Lang: ANSI-C,        Compiler Version: ANSI-C/cC++ Compiler for HC12 V-5.0.46 Build 15249, Sep  7 2015

*********************************************************************************************
STARTUP SECTION
---------------------------------------------------------------------------------------------
Entry point: 0xC010 (_EntryPoint)
_startupData is allocated at 0xC040 and uses 6 Bytes
extern struct _tagStartup {
  unsigned nofZeroOut     1
  _Range   pZeroOut       0x2000     376
  _Copy    *toCopyDownBeg 0xC34C
} _startupData;

*********************************************************************************************
SECTION-ALLOCATION SECTION
Section Name                    Size  Type     From       To       Segment
---------------------------------------------------------------------------------------------
.init                             64     R     0xC000     0xC03F   ROM_C000
.startData                        10     R     0xC040     0xC049   ROM_C000
.rodata                          234     R     0xC04A     0xC133   ROM_C000
NON_BANKED                       536     R     0xC134     0xC34B   ROM_C000
.copy                              7     R     0xC34C     0xC352   ROM_C000
.text                           4821     R   0xFE8000   0xFE92D4   PAGE_FE
.data                              2   R/W     0x2000     0x2001   RAM
.abs_section_8                     1   N/I        0x8        0x8   .absSeg0
.abs_section_9                     1   N/I        0x9        0x9   .absSeg1
.abs_section_a                     1   N/I        0xA        0xA   .absSeg2
.abs_section_b                     1   N/I        0xB        0xB   .absSeg3
.abs_section_c                     1   N/I        0xC        0xC   .absSeg4
.abs_section_d                     1   N/I        0xD        0xD   .absSeg5
.abs_section_e                     1   N/I        0xE        0xE   .absSeg6
.abs_section_f                     1   N/I        0xF        0xF   .absSeg7
.abs_section_10                    1   N/I       0x10       0x10   .absSeg8
.abs_section_11                    1   N/I       0x11       0x11   .absSeg9
.abs_section_13                    1   N/I       0x13       0x13   .absSeg10
.abs_section_15                    1   N/I       0x15       0x15   .absSeg11
.abs_section_16                    1   N/I       0x16       0x16   .absSeg12
.abs_section_17                    1   N/I       0x17       0x17   .absSeg13
.abs_section_1c                    1   N/I       0x1C       0x1C   .absSeg14
.abs_section_1e                    1   N/I       0x1E       0x1E   .absSeg15
.abs_section_20                    1   N/I       0x20       0x20   .absSeg16
.abs_section_21                    1   N/I       0x21       0x21   .absSeg17
.abs_section_22                    1   N/I       0x22       0x22   .absSeg18
.abs_section_23                    1   N/I       0x23       0x23   .absSeg19
.abs_section_26                    1   N/I       0x26       0x26   .absSeg20
.abs_section_27                    1   N/I       0x27       0x27   .absSeg21
.abs_section_28                    1   N/I       0x28       0x28   .absSeg22
.abs_section_29                    1   N/I       0x29       0x29   .absSeg23
.abs_section_2a                    1   N/I       0x2A       0x2A   .absSeg24
.abs_section_2b                    1   N/I       0x2B       0x2B   .absSeg25
.abs_section_2c                    1   N/I       0x2C       0x2C   .absSeg26
.abs_section_2d                    1   N/I       0x2D       0x2D   .absSeg27
.abs_section_2e                    1   N/I       0x2E       0x2E   .absSeg28
.abs_section_2f                    1   N/I       0x2F       0x2F   .absSeg29
.abs_section_32                    1   N/I       0x32       0x32   .absSeg30
.abs_section_33                    1   N/I       0x33       0x33   .absSeg31
.abs_section_34                    1   N/I       0x34       0x34   .absSeg32
.abs_section_35                    1   N/I       0x35       0x35   .absSeg33
.abs_section_36                    1   N/I       0x36       0x36   .absSeg34
.abs_section_37                    1   N/I       0x37       0x37   .absSeg35
.abs_section_38                    1   N/I       0x38       0x38   .absSeg36
.abs_section_39                    1   N/I       0x39       0x39   .absSeg37
.abs_section_3a                    1   N/I       0x3A       0x3A   .absSeg38
.abs_section_3b                    1   N/I       0x3B       0x3B   .absSeg39
.abs_section_3c                    1   N/I       0x3C       0x3C   .absSeg40
.abs_section_3f                    1   N/I       0x3F       0x3F   .absSeg41
.abs_section_40                    1   N/I       0x40       0x40   .absSeg42
.abs_section_41                    1   N/I       0x41       0x41   .absSeg43
.abs_section_42                    1   N/I       0x42       0x42   .absSeg44
.abs_section_43                    1   N/I       0x43       0x43   .absSeg45
.abs_section_46                    1   N/I       0x46       0x46   .absSeg46
.abs_section_47                    1   N/I       0x47       0x47   .absSeg47
.abs_section_48                    1   N/I       0x48       0x48   .absSeg48
.abs_section_49                    1   N/I       0x49       0x49   .absSeg49
.abs_section_4a                    1   N/I       0x4A       0x4A   .absSeg50
.abs_section_4b                    1   N/I       0x4B       0x4B   .absSeg51
.abs_section_4c                    1   N/I       0x4C       0x4C   .absSeg52
.abs_section_4d                    1   N/I       0x4D       0x4D   .absSeg53
.abs_section_4e                    1   N/I       0x4E       0x4E   .absSeg54
.abs_section_4f                    1   N/I       0x4F       0x4F   .absSeg55
.abs_section_60                    1   N/I       0x60       0x60   .absSeg56
.abs_section_61                    1   N/I       0x61       0x61   .absSeg57
.abs_section_66                    1   N/I       0x66       0x66   .absSeg58
.abs_section_67                    1   N/I       0x67       0x67   .absSeg59
.abs_section_68                    1   N/I       0x68       0x68   .absSeg60
.abs_section_69                    1   N/I       0x69       0x69   .absSeg61
.abs_section_6a                    1   N/I       0x6A       0x6A   .absSeg62
.abs_section_6b                    1   N/I       0x6B       0x6B   .absSeg63
.abs_section_6c                    1   N/I       0x6C       0x6C   .absSeg64
.abs_section_6e                    1   N/I       0x6E       0x6E   .absSeg65
.abs_section_6f                    1   N/I       0x6F       0x6F   .absSeg66
.abs_section_70                    1   N/I       0x70       0x70   .absSeg67
.abs_section_71                    1   N/I       0x71       0x71   .absSeg68
.abs_section_86                    1   N/I       0x86       0x86   .absSeg69
.abs_section_ba                    1   N/I       0xBA       0xBA   .absSeg70
.abs_section_bb                    1   N/I       0xBB       0xBB   .absSeg71
.abs_section_bc                    1   N/I       0xBC       0xBC   .absSeg72
.abs_section_bd                    1   N/I       0xBD       0xBD   .absSeg73
.abs_section_be                    1   N/I       0xBE       0xBE   .absSeg74
.abs_section_bf                    1   N/I       0xBF       0xBF   .absSeg75
.abs_section_c2                    1   N/I       0xC2       0xC2   .absSeg76
.abs_section_c3                    1   N/I       0xC3       0xC3   .absSeg77
.abs_section_c4                    1   N/I       0xC4       0xC4   .absSeg78
.abs_section_c5                    1   N/I       0xC5       0xC5   .absSeg79
.abs_section_c6                    1   N/I       0xC6       0xC6   .absSeg80
.abs_section_c7                    1   N/I       0xC7       0xC7   .absSeg81
.abs_section_ca                    1   N/I       0xCA       0xCA   .absSeg82
.abs_section_cb                    1   N/I       0xCB       0xCB   .absSeg83
.abs_section_cc                    1   N/I       0xCC       0xCC   .absSeg84
.abs_section_cd                    1   N/I       0xCD       0xCD   .absSeg85
.abs_section_ce                    1   N/I       0xCE       0xCE   .absSeg86
.abs_section_cf                    1   N/I       0xCF       0xCF   .absSeg87
.abs_section_d2                    1   N/I       0xD2       0xD2   .absSeg88
.abs_section_d3                    1   N/I       0xD3       0xD3   .absSeg89
.abs_section_d4                    1   N/I       0xD4       0xD4   .absSeg90
.abs_section_d5                    1   N/I       0xD5       0xD5   .absSeg91
.abs_section_d6                    1   N/I       0xD6       0xD6   .absSeg92
.abs_section_d7                    1   N/I       0xD7       0xD7   .absSeg93
.abs_section_d8                    1   N/I       0xD8       0xD8   .absSeg94
.abs_section_d9                    1   N/I       0xD9       0xD9   .absSeg95
.abs_section_da                    1   N/I       0xDA       0xDA   .absSeg96
.abs_section_db                    1   N/I       0xDB       0xDB   .absSeg97
.abs_section_e0                    1   N/I       0xE0       0xE0   .absSeg98
.abs_section_e1                    1   N/I       0xE1       0xE1   .absSeg99
.abs_section_e2                    1   N/I       0xE2       0xE2   .absSeg100
.abs_section_e3                    1   N/I       0xE3       0xE3   .absSeg101
.abs_section_e4                    1   N/I       0xE4       0xE4   .absSeg102
.abs_section_e5                    1   N/I       0xE5       0xE5   .absSeg103
.abs_section_f0                    1   N/I       0xF0       0xF0   .absSeg104
.abs_section_f1                    1   N/I       0xF1       0xF1   .absSeg105
.abs_section_f2                    1   N/I       0xF2       0xF2   .absSeg106
.abs_section_f3                    1   N/I       0xF3       0xF3   .absSeg107
.abs_section_f8                    1   N/I       0xF8       0xF8   .absSeg108
.abs_section_f9                    1   N/I       0xF9       0xF9   .absSeg109
.abs_section_fa                    1   N/I       0xFA       0xFA   .absSeg110
.abs_section_fb                    1   N/I       0xFB       0xFB   .absSeg111
.abs_section_100                   1   N/I      0x100      0x100   .absSeg112
.abs_section_101                   1   N/I      0x101      0x101   .absSeg113
.abs_section_102                   1   N/I      0x102      0x102   .absSeg114
.abs_section_103                   1   N/I      0x103      0x103   .absSeg115
.abs_section_104                   1   N/I      0x104      0x104   .absSeg116
.abs_section_105                   1   N/I      0x105      0x105   .absSeg117
.abs_section_106                   1   N/I      0x106      0x106   .absSeg118
.abs_section_107                   1   N/I      0x107      0x107   .absSeg119
.abs_section_108                   1   N/I      0x108      0x108   .absSeg120
.abs_section_109                   1   N/I      0x109      0x109   .absSeg121
.abs_section_110                   1   N/I      0x110      0x110   .absSeg122
.abs_section_114                   1   N/I      0x114      0x114   .absSeg123
.abs_section_115                   1   N/I      0x115      0x115   .absSeg124
.abs_section_116                   1   N/I      0x116      0x116   .absSeg125
.abs_section_117                   1   N/I      0x117      0x117   .absSeg126
.abs_section_119                   1   N/I      0x119      0x119   .absSeg127
.abs_section_11a                   1   N/I      0x11A      0x11A   .absSeg128
.abs_section_11b                   1   N/I      0x11B      0x11B   .absSeg129
.abs_section_11c                   1   N/I      0x11C      0x11C   .absSeg130
.abs_section_11d                   1   N/I      0x11D      0x11D   .absSeg131
.abs_section_11e                   1   N/I      0x11E      0x11E   .absSeg132
.abs_section_11f                   1   N/I      0x11F      0x11F   .absSeg133
.abs_section_121                   1   N/I      0x121      0x121   .absSeg134
.abs_section_126                   1   N/I      0x126      0x126   .absSeg135
.abs_section_127                   1   N/I      0x127      0x127   .absSeg136
.abs_section_128                   1   N/I      0x128      0x128   .absSeg137
.abs_section_129                   1   N/I      0x129      0x129   .absSeg138
.abs_section_12a                   1   N/I      0x12A      0x12A   .absSeg139
.abs_section_12b                   1   N/I      0x12B      0x12B   .absSeg140
.abs_section_12c                   1   N/I      0x12C      0x12C   .absSeg141
.abs_section_12d                   1   N/I      0x12D      0x12D   .absSeg142
.abs_section_12e                   1   N/I      0x12E      0x12E   .absSeg143
.abs_section_12f                   1   N/I      0x12F      0x12F   .absSeg144
.abs_section_132                   1   N/I      0x132      0x132   .absSeg145
.abs_section_133                   1   N/I      0x133      0x133   .absSeg146
.abs_section_134                   1   N/I      0x134      0x134   .absSeg147
.abs_section_135                   1   N/I      0x135      0x135   .absSeg148
.abs_section_136                   1   N/I      0x136      0x136   .absSeg149
.abs_section_137                   1   N/I      0x137      0x137   .absSeg150
.abs_section_13a                   1   N/I      0x13A      0x13A   .absSeg151
.abs_section_13b                   1   N/I      0x13B      0x13B   .absSeg152
.abs_section_13c                   1   N/I      0x13C      0x13C   .absSeg153
.abs_section_13d                   1   N/I      0x13D      0x13D   .absSeg154
.abs_section_13e                   1   N/I      0x13E      0x13E   .absSeg155
.abs_section_13f                   1   N/I      0x13F      0x13F   .absSeg156
.abs_section_140                   1   N/I      0x140      0x140   .absSeg157
.abs_section_141                   1   N/I      0x141      0x141   .absSeg158
.abs_section_142                   1   N/I      0x142      0x142   .absSeg159
.abs_section_143                   1   N/I      0x143      0x143   .absSeg160
.abs_section_144                   1   N/I      0x144      0x144   .absSeg161
.abs_section_145                   1   N/I      0x145      0x145   .absSeg162
.abs_section_146                   1   N/I      0x146      0x146   .absSeg163
.abs_section_147                   1   N/I      0x147      0x147   .absSeg164
.abs_section_148                   1   N/I      0x148      0x148   .absSeg165
.abs_section_149                   1   N/I      0x149      0x149   .absSeg166
.abs_section_14a                   1   N/I      0x14A      0x14A   .absSeg167
.abs_section_14b                   1   N/I      0x14B      0x14B   .absSeg168
.abs_section_14d                   1   N/I      0x14D      0x14D   .absSeg169
.abs_section_14e                   1   N/I      0x14E      0x14E   .absSeg170
.abs_section_14f                   1   N/I      0x14F      0x14F   .absSeg171
.abs_section_150                   1   N/I      0x150      0x150   .absSeg172
.abs_section_151                   1   N/I      0x151      0x151   .absSeg173
.abs_section_152                   1   N/I      0x152      0x152   .absSeg174
.abs_section_153                   1   N/I      0x153      0x153   .absSeg175
.abs_section_154                   1   N/I      0x154      0x154   .absSeg176
.abs_section_155                   1   N/I      0x155      0x155   .absSeg177
.abs_section_156                   1   N/I      0x156      0x156   .absSeg178
.abs_section_157                   1   N/I      0x157      0x157   .absSeg179
.abs_section_158                   1   N/I      0x158      0x158   .absSeg180
.abs_section_159                   1   N/I      0x159      0x159   .absSeg181
.abs_section_15a                   1   N/I      0x15A      0x15A   .absSeg182
.abs_section_15b                   1   N/I      0x15B      0x15B   .absSeg183
.abs_section_15c                   1   N/I      0x15C      0x15C   .absSeg184
.abs_section_15d                   1   N/I      0x15D      0x15D   .absSeg185
.abs_section_15e                   1   N/I      0x15E      0x15E   .absSeg186
.abs_section_15f                   1   N/I      0x15F      0x15F   .absSeg187
.abs_section_160                   1   N/I      0x160      0x160   .absSeg188
.abs_section_161                   1   N/I      0x161      0x161   .absSeg189
.abs_section_162                   1   N/I      0x162      0x162   .absSeg190
.abs_section_163                   1   N/I      0x163      0x163   .absSeg191
.abs_section_164                   1   N/I      0x164      0x164   .absSeg192
.abs_section_165                   1   N/I      0x165      0x165   .absSeg193
.abs_section_166                   1   N/I      0x166      0x166   .absSeg194
.abs_section_167                   1   N/I      0x167      0x167   .absSeg195
.abs_section_168                   1   N/I      0x168      0x168   .absSeg196
.abs_section_169                   1   N/I      0x169      0x169   .absSeg197
.abs_section_16a                   1   N/I      0x16A      0x16A   .absSeg198
.abs_section_16b                   1   N/I      0x16B      0x16B   .absSeg199
.abs_section_16c                   1   N/I      0x16C      0x16C   .absSeg200
.abs_section_170                   1   N/I      0x170      0x170   .absSeg201
.abs_section_171                   1   N/I      0x171      0x171   .absSeg202
.abs_section_172                   1   N/I      0x172      0x172   .absSeg203
.abs_section_173                   1   N/I      0x173      0x173   .absSeg204
.abs_section_174                   1   N/I      0x174      0x174   .absSeg205
.abs_section_175                   1   N/I      0x175      0x175   .absSeg206
.abs_section_176                   1   N/I      0x176      0x176   .absSeg207
.abs_section_177                   1   N/I      0x177      0x177   .absSeg208
.abs_section_178                   1   N/I      0x178      0x178   .absSeg209
.abs_section_179                   1   N/I      0x179      0x179   .absSeg210
.abs_section_17a                   1   N/I      0x17A      0x17A   .absSeg211
.abs_section_17b                   1   N/I      0x17B      0x17B   .absSeg212
.abs_section_17c                   1   N/I      0x17C      0x17C   .absSeg213
.abs_section_17d                   1   N/I      0x17D      0x17D   .absSeg214
.abs_section_180                   1   N/I      0x180      0x180   .absSeg215
.abs_section_181                   1   N/I      0x181      0x181   .absSeg216
.abs_section_182                   1   N/I      0x182      0x182   .absSeg217
.abs_section_183                   1   N/I      0x183      0x183   .absSeg218
.abs_section_184                   1   N/I      0x184      0x184   .absSeg219
.abs_section_185                   1   N/I      0x185      0x185   .absSeg220
.abs_section_186                   1   N/I      0x186      0x186   .absSeg221
.abs_section_187                   1   N/I      0x187      0x187   .absSeg222
.abs_section_188                   1   N/I      0x188      0x188   .absSeg223
.abs_section_189                   1   N/I      0x189      0x189   .absSeg224
.abs_section_18a                   1   N/I      0x18A      0x18A   .absSeg225
.abs_section_18b                   1   N/I      0x18B      0x18B   .absSeg226
.abs_section_18d                   1   N/I      0x18D      0x18D   .absSeg227
.abs_section_18e                   1   N/I      0x18E      0x18E   .absSeg228
.abs_section_18f                   1   N/I      0x18F      0x18F   .absSeg229
.abs_section_190                   1   N/I      0x190      0x190   .absSeg230
.abs_section_191                   1   N/I      0x191      0x191   .absSeg231
.abs_section_192                   1   N/I      0x192      0x192   .absSeg232
.abs_section_193                   1   N/I      0x193      0x193   .absSeg233
.abs_section_194                   1   N/I      0x194      0x194   .absSeg234
.abs_section_195                   1   N/I      0x195      0x195   .absSeg235
.abs_section_196                   1   N/I      0x196      0x196   .absSeg236
.abs_section_197                   1   N/I      0x197      0x197   .absSeg237
.abs_section_198                   1   N/I      0x198      0x198   .absSeg238
.abs_section_199                   1   N/I      0x199      0x199   .absSeg239
.abs_section_19a                   1   N/I      0x19A      0x19A   .absSeg240
.abs_section_19b                   1   N/I      0x19B      0x19B   .absSeg241
.abs_section_19c                   1   N/I      0x19C      0x19C   .absSeg242
.abs_section_19d                   1   N/I      0x19D      0x19D   .absSeg243
.abs_section_19e                   1   N/I      0x19E      0x19E   .absSeg244
.abs_section_19f                   1   N/I      0x19F      0x19F   .absSeg245
.abs_section_1a0                   1   N/I      0x1A0      0x1A0   .absSeg246
.abs_section_1a1                   1   N/I      0x1A1      0x1A1   .absSeg247
.abs_section_1a2                   1   N/I      0x1A2      0x1A2   .absSeg248
.abs_section_1a3                   1   N/I      0x1A3      0x1A3   .absSeg249
.abs_section_1a4                   1   N/I      0x1A4      0x1A4   .absSeg250
.abs_section_1a5                   1   N/I      0x1A5      0x1A5   .absSeg251
.abs_section_1a6                   1   N/I      0x1A6      0x1A6   .absSeg252
.abs_section_1a7                   1   N/I      0x1A7      0x1A7   .absSeg253
.abs_section_1a8                   1   N/I      0x1A8      0x1A8   .absSeg254
.abs_section_1a9                   1   N/I      0x1A9      0x1A9   .absSeg255
.abs_section_1aa                   1   N/I      0x1AA      0x1AA   .absSeg256
.abs_section_1ab                   1   N/I      0x1AB      0x1AB   .absSeg257
.abs_section_1ac                   1   N/I      0x1AC      0x1AC   .absSeg258
.abs_section_1b0                   1   N/I      0x1B0      0x1B0   .absSeg259
.abs_section_1b1                   1   N/I      0x1B1      0x1B1   .absSeg260
.abs_section_1b2                   1   N/I      0x1B2      0x1B2   .absSeg261
.abs_section_1b3                   1   N/I      0x1B3      0x1B3   .absSeg262
.abs_section_1b4                   1   N/I      0x1B4      0x1B4   .absSeg263
.abs_section_1b5                   1   N/I      0x1B5      0x1B5   .absSeg264
.abs_section_1b6                   1   N/I      0x1B6      0x1B6   .absSeg265
.abs_section_1b7                   1   N/I      0x1B7      0x1B7   .absSeg266
.abs_section_1b8                   1   N/I      0x1B8      0x1B8   .absSeg267
.abs_section_1b9                   1   N/I      0x1B9      0x1B9   .absSeg268
.abs_section_1ba                   1   N/I      0x1BA      0x1BA   .absSeg269
.abs_section_1bb                   1   N/I      0x1BB      0x1BB   .absSeg270
.abs_section_1bc                   1   N/I      0x1BC      0x1BC   .absSeg271
.abs_section_1bd                   1   N/I      0x1BD      0x1BD   .absSeg272
.abs_section_1c0                   1   N/I      0x1C0      0x1C0   .absSeg273
.abs_section_1c1                   1   N/I      0x1C1      0x1C1   .absSeg274
.abs_section_1c2                   1   N/I      0x1C2      0x1C2   .absSeg275
.abs_section_1c3                   1   N/I      0x1C3      0x1C3   .absSeg276
.abs_section_1c4                   1   N/I      0x1C4      0x1C4   .absSeg277
.abs_section_1c5                   1   N/I      0x1C5      0x1C5   .absSeg278
.abs_section_1c6                   1   N/I      0x1C6      0x1C6   .absSeg279
.abs_section_1c7                   1   N/I      0x1C7      0x1C7   .absSeg280
.abs_section_1c8                   1   N/I      0x1C8      0x1C8   .absSeg281
.abs_section_1c9                   1   N/I      0x1C9      0x1C9   .absSeg282
.abs_section_1ca                   1   N/I      0x1CA      0x1CA   .absSeg283
.abs_section_1cb                   1   N/I      0x1CB      0x1CB   .absSeg284
.abs_section_1cd                   1   N/I      0x1CD      0x1CD   .absSeg285
.abs_section_1ce                   1   N/I      0x1CE      0x1CE   .absSeg286
.abs_section_1cf                   1   N/I      0x1CF      0x1CF   .absSeg287
.abs_section_1d0                   1   N/I      0x1D0      0x1D0   .absSeg288
.abs_section_1d1                   1   N/I      0x1D1      0x1D1   .absSeg289
.abs_section_1d2                   1   N/I      0x1D2      0x1D2   .absSeg290
.abs_section_1d3                   1   N/I      0x1D3      0x1D3   .absSeg291
.abs_section_1d4                   1   N/I      0x1D4      0x1D4   .absSeg292
.abs_section_1d5                   1   N/I      0x1D5      0x1D5   .absSeg293
.abs_section_1d6                   1   N/I      0x1D6      0x1D6   .absSeg294
.abs_section_1d7                   1   N/I      0x1D7      0x1D7   .absSeg295
.abs_section_1d8                   1   N/I      0x1D8      0x1D8   .absSeg296
.abs_section_1d9                   1   N/I      0x1D9      0x1D9   .absSeg297
.abs_section_1da                   1   N/I      0x1DA      0x1DA   .absSeg298
.abs_section_1db                   1   N/I      0x1DB      0x1DB   .absSeg299
.abs_section_1dc                   1   N/I      0x1DC      0x1DC   .absSeg300
.abs_section_1dd                   1   N/I      0x1DD      0x1DD   .absSeg301
.abs_section_1de                   1   N/I      0x1DE      0x1DE   .absSeg302
.abs_section_1df                   1   N/I      0x1DF      0x1DF   .absSeg303
.abs_section_1e0                   1   N/I      0x1E0      0x1E0   .absSeg304
.abs_section_1e1                   1   N/I      0x1E1      0x1E1   .absSeg305
.abs_section_1e2                   1   N/I      0x1E2      0x1E2   .absSeg306
.abs_section_1e3                   1   N/I      0x1E3      0x1E3   .absSeg307
.abs_section_1e4                   1   N/I      0x1E4      0x1E4   .absSeg308
.abs_section_1e5                   1   N/I      0x1E5      0x1E5   .absSeg309
.abs_section_1e6                   1   N/I      0x1E6      0x1E6   .absSeg310
.abs_section_1e7                   1   N/I      0x1E7      0x1E7   .absSeg311
.abs_section_1e8                   1   N/I      0x1E8      0x1E8   .absSeg312
.abs_section_1e9                   1   N/I      0x1E9      0x1E9   .absSeg313
.abs_section_1ea                   1   N/I      0x1EA      0x1EA   .absSeg314
.abs_section_1eb                   1   N/I      0x1EB      0x1EB   .absSeg315
.abs_section_1ec                   1   N/I      0x1EC      0x1EC   .absSeg316
.abs_section_1f0                   1   N/I      0x1F0      0x1F0   .absSeg317
.abs_section_1f1                   1   N/I      0x1F1      0x1F1   .absSeg318
.abs_section_1f2                   1   N/I      0x1F2      0x1F2   .absSeg319
.abs_section_1f3                   1   N/I      0x1F3      0x1F3   .absSeg320
.abs_section_1f4                   1   N/I      0x1F4      0x1F4   .absSeg321
.abs_section_1f5                   1   N/I      0x1F5      0x1F5   .absSeg322
.abs_section_1f6                   1   N/I      0x1F6      0x1F6   .absSeg323
.abs_section_1f7                   1   N/I      0x1F7      0x1F7   .absSeg324
.abs_section_1f8                   1   N/I      0x1F8      0x1F8   .absSeg325
.abs_section_1f9                   1   N/I      0x1F9      0x1F9   .absSeg326
.abs_section_1fa                   1   N/I      0x1FA      0x1FA   .absSeg327
.abs_section_1fb                   1   N/I      0x1FB      0x1FB   .absSeg328
.abs_section_1fc                   1   N/I      0x1FC      0x1FC   .absSeg329
.abs_section_1fd                   1   N/I      0x1FD      0x1FD   .absSeg330
.abs_section_200                   1   N/I      0x200      0x200   .absSeg331
.abs_section_201                   1   N/I      0x201      0x201   .absSeg332
.abs_section_202                   1   N/I      0x202      0x202   .absSeg333
.abs_section_203                   1   N/I      0x203      0x203   .absSeg334
.abs_section_204                   1   N/I      0x204      0x204   .absSeg335
.abs_section_205                   1   N/I      0x205      0x205   .absSeg336
.abs_section_206                   1   N/I      0x206      0x206   .absSeg337
.abs_section_207                   1   N/I      0x207      0x207   .absSeg338
.abs_section_208                   1   N/I      0x208      0x208   .absSeg339
.abs_section_209                   1   N/I      0x209      0x209   .absSeg340
.abs_section_20a                   1   N/I      0x20A      0x20A   .absSeg341
.abs_section_20b                   1   N/I      0x20B      0x20B   .absSeg342
.abs_section_20d                   1   N/I      0x20D      0x20D   .absSeg343
.abs_section_20e                   1   N/I      0x20E      0x20E   .absSeg344
.abs_section_20f                   1   N/I      0x20F      0x20F   .absSeg345
.abs_section_210                   1   N/I      0x210      0x210   .absSeg346
.abs_section_211                   1   N/I      0x211      0x211   .absSeg347
.abs_section_212                   1   N/I      0x212      0x212   .absSeg348
.abs_section_213                   1   N/I      0x213      0x213   .absSeg349
.abs_section_214                   1   N/I      0x214      0x214   .absSeg350
.abs_section_215                   1   N/I      0x215      0x215   .absSeg351
.abs_section_216                   1   N/I      0x216      0x216   .absSeg352
.abs_section_217                   1   N/I      0x217      0x217   .absSeg353
.abs_section_218                   1   N/I      0x218      0x218   .absSeg354
.abs_section_219                   1   N/I      0x219      0x219   .absSeg355
.abs_section_21a                   1   N/I      0x21A      0x21A   .absSeg356
.abs_section_21b                   1   N/I      0x21B      0x21B   .absSeg357
.abs_section_21c                   1   N/I      0x21C      0x21C   .absSeg358
.abs_section_21d                   1   N/I      0x21D      0x21D   .absSeg359
.abs_section_21e                   1   N/I      0x21E      0x21E   .absSeg360
.abs_section_21f                   1   N/I      0x21F      0x21F   .absSeg361
.abs_section_220                   1   N/I      0x220      0x220   .absSeg362
.abs_section_221                   1   N/I      0x221      0x221   .absSeg363
.abs_section_222                   1   N/I      0x222      0x222   .absSeg364
.abs_section_223                   1   N/I      0x223      0x223   .absSeg365
.abs_section_224                   1   N/I      0x224      0x224   .absSeg366
.abs_section_225                   1   N/I      0x225      0x225   .absSeg367
.abs_section_226                   1   N/I      0x226      0x226   .absSeg368
.abs_section_227                   1   N/I      0x227      0x227   .absSeg369
.abs_section_228                   1   N/I      0x228      0x228   .absSeg370
.abs_section_229                   1   N/I      0x229      0x229   .absSeg371
.abs_section_22a                   1   N/I      0x22A      0x22A   .absSeg372
.abs_section_22b                   1   N/I      0x22B      0x22B   .absSeg373
.abs_section_22c                   1   N/I      0x22C      0x22C   .absSeg374
.abs_section_230                   1   N/I      0x230      0x230   .absSeg375
.abs_section_231                   1   N/I      0x231      0x231   .absSeg376
.abs_section_232                   1   N/I      0x232      0x232   .absSeg377
.abs_section_233                   1   N/I      0x233      0x233   .absSeg378
.abs_section_234                   1   N/I      0x234      0x234   .absSeg379
.abs_section_235                   1   N/I      0x235      0x235   .absSeg380
.abs_section_236                   1   N/I      0x236      0x236   .absSeg381
.abs_section_237                   1   N/I      0x237      0x237   .absSeg382
.abs_section_238                   1   N/I      0x238      0x238   .absSeg383
.abs_section_239                   1   N/I      0x239      0x239   .absSeg384
.abs_section_23a                   1   N/I      0x23A      0x23A   .absSeg385
.abs_section_23b                   1   N/I      0x23B      0x23B   .absSeg386
.abs_section_23c                   1   N/I      0x23C      0x23C   .absSeg387
.abs_section_23d                   1   N/I      0x23D      0x23D   .absSeg388
.abs_section_240                   1   N/I      0x240      0x240   .absSeg389
.abs_section_241                   1   N/I      0x241      0x241   .absSeg390
.abs_section_242                   1   N/I      0x242      0x242   .absSeg391
.abs_section_243                   1   N/I      0x243      0x243   .absSeg392
.abs_section_244                   1   N/I      0x244      0x244   .absSeg393
.abs_section_245                   1   N/I      0x245      0x245   .absSeg394
.abs_section_248                   1   N/I      0x248      0x248   .absSeg395
.abs_section_249                   1   N/I      0x249      0x249   .absSeg396
.abs_section_24a                   1   N/I      0x24A      0x24A   .absSeg397
.abs_section_24b                   1   N/I      0x24B      0x24B   .absSeg398
.abs_section_24c                   1   N/I      0x24C      0x24C   .absSeg399
.abs_section_24d                   1   N/I      0x24D      0x24D   .absSeg400
.abs_section_24e                   1   N/I      0x24E      0x24E   .absSeg401
.abs_section_250                   1   N/I      0x250      0x250   .absSeg402
.abs_section_251                   1   N/I      0x251      0x251   .absSeg403
.abs_section_252                   1   N/I      0x252      0x252   .absSeg404
.abs_section_253                   1   N/I      0x253      0x253   .absSeg405
.abs_section_254                   1   N/I      0x254      0x254   .absSeg406
.abs_section_255                   1   N/I      0x255      0x255   .absSeg407
.abs_section_256                   1   N/I      0x256      0x256   .absSeg408
.abs_section_257                   1   N/I      0x257      0x257   .absSeg409
.abs_section_258                   1   N/I      0x258      0x258   .absSeg410
.abs_section_259                   1   N/I      0x259      0x259   .absSeg411
.abs_section_25a                   1   N/I      0x25A      0x25A   .absSeg412
.abs_section_25b                   1   N/I      0x25B      0x25B   .absSeg413
.abs_section_25c                   1   N/I      0x25C      0x25C   .absSeg414
.abs_section_25d                   1   N/I      0x25D      0x25D   .absSeg415
.abs_section_25e                   1   N/I      0x25E      0x25E   .absSeg416
.abs_section_25f                   1   N/I      0x25F      0x25F   .absSeg417
.abs_section_260                   1   N/I      0x260      0x260   .absSeg418
.abs_section_261                   1   N/I      0x261      0x261   .absSeg419
.abs_section_262                   1   N/I      0x262      0x262   .absSeg420
.abs_section_263                   1   N/I      0x263      0x263   .absSeg421
.abs_section_264                   1   N/I      0x264      0x264   .absSeg422
.abs_section_265                   1   N/I      0x265      0x265   .absSeg423
.abs_section_266                   1   N/I      0x266      0x266   .absSeg424
.abs_section_267                   1   N/I      0x267      0x267   .absSeg425
.abs_section_268                   1   N/I      0x268      0x268   .absSeg426
.abs_section_269                   1   N/I      0x269      0x269   .absSeg427
.abs_section_26a                   1   N/I      0x26A      0x26A   .absSeg428
.abs_section_26b                   1   N/I      0x26B      0x26B   .absSeg429
.abs_section_26c                   1   N/I      0x26C      0x26C   .absSeg430
.abs_section_26d                   1   N/I      0x26D      0x26D   .absSeg431
.abs_section_26e                   1   N/I      0x26E      0x26E   .absSeg432
.abs_section_26f                   1   N/I      0x26F      0x26F   .absSeg433
.abs_section_280                   1   N/I      0x280      0x280   .absSeg434
.abs_section_281                   1   N/I      0x281      0x281   .absSeg435
.abs_section_282                   1   N/I      0x282      0x282   .absSeg436
.abs_section_283                   1   N/I      0x283      0x283   .absSeg437
.abs_section_284                   1   N/I      0x284      0x284   .absSeg438
.abs_section_285                   1   N/I      0x285      0x285   .absSeg439
.abs_section_286                   1   N/I      0x286      0x286   .absSeg440
.abs_section_287                   1   N/I      0x287      0x287   .absSeg441
.abs_section_288                   1   N/I      0x288      0x288   .absSeg442
.abs_section_289                   1   N/I      0x289      0x289   .absSeg443
.abs_section_28a                   1   N/I      0x28A      0x28A   .absSeg444
.abs_section_28b                   1   N/I      0x28B      0x28B   .absSeg445
.abs_section_28d                   1   N/I      0x28D      0x28D   .absSeg446
.abs_section_28e                   1   N/I      0x28E      0x28E   .absSeg447
.abs_section_28f                   1   N/I      0x28F      0x28F   .absSeg448
.abs_section_290                   1   N/I      0x290      0x290   .absSeg449
.abs_section_291                   1   N/I      0x291      0x291   .absSeg450
.abs_section_292                   1   N/I      0x292      0x292   .absSeg451
.abs_section_293                   1   N/I      0x293      0x293   .absSeg452
.abs_section_294                   1   N/I      0x294      0x294   .absSeg453
.abs_section_295                   1   N/I      0x295      0x295   .absSeg454
.abs_section_296                   1   N/I      0x296      0x296   .absSeg455
.abs_section_297                   1   N/I      0x297      0x297   .absSeg456
.abs_section_298                   1   N/I      0x298      0x298   .absSeg457
.abs_section_299                   1   N/I      0x299      0x299   .absSeg458
.abs_section_29a                   1   N/I      0x29A      0x29A   .absSeg459
.abs_section_29b                   1   N/I      0x29B      0x29B   .absSeg460
.abs_section_29c                   1   N/I      0x29C      0x29C   .absSeg461
.abs_section_29d                   1   N/I      0x29D      0x29D   .absSeg462
.abs_section_29e                   1   N/I      0x29E      0x29E   .absSeg463
.abs_section_29f                   1   N/I      0x29F      0x29F   .absSeg464
.abs_section_2a0                   1   N/I      0x2A0      0x2A0   .absSeg465
.abs_section_2a1                   1   N/I      0x2A1      0x2A1   .absSeg466
.abs_section_2a2                   1   N/I      0x2A2      0x2A2   .absSeg467
.abs_section_2a3                   1   N/I      0x2A3      0x2A3   .absSeg468
.abs_section_2a4                   1   N/I      0x2A4      0x2A4   .absSeg469
.abs_section_2a5                   1   N/I      0x2A5      0x2A5   .absSeg470
.abs_section_2a6                   1   N/I      0x2A6      0x2A6   .absSeg471
.abs_section_2a7                   1   N/I      0x2A7      0x2A7   .absSeg472
.abs_section_2a8                   1   N/I      0x2A8      0x2A8   .absSeg473
.abs_section_2a9                   1   N/I      0x2A9      0x2A9   .absSeg474
.abs_section_2aa                   1   N/I      0x2AA      0x2AA   .absSeg475
.abs_section_2ab                   1   N/I      0x2AB      0x2AB   .absSeg476
.abs_section_2ac                   1   N/I      0x2AC      0x2AC   .absSeg477
.abs_section_2b0                   1   N/I      0x2B0      0x2B0   .absSeg478
.abs_section_2b1                   1   N/I      0x2B1      0x2B1   .absSeg479
.abs_section_2b2                   1   N/I      0x2B2      0x2B2   .absSeg480
.abs_section_2b3                   1   N/I      0x2B3      0x2B3   .absSeg481
.abs_section_2b4                   1   N/I      0x2B4      0x2B4   .absSeg482
.abs_section_2b5                   1   N/I      0x2B5      0x2B5   .absSeg483
.abs_section_2b6                   1   N/I      0x2B6      0x2B6   .absSeg484
.abs_section_2b7                   1   N/I      0x2B7      0x2B7   .absSeg485
.abs_section_2b8                   1   N/I      0x2B8      0x2B8   .absSeg486
.abs_section_2b9                   1   N/I      0x2B9      0x2B9   .absSeg487
.abs_section_2ba                   1   N/I      0x2BA      0x2BA   .absSeg488
.abs_section_2bb                   1   N/I      0x2BB      0x2BB   .absSeg489
.abs_section_2bc                   1   N/I      0x2BC      0x2BC   .absSeg490
.abs_section_2bd                   1   N/I      0x2BD      0x2BD   .absSeg491
.abs_section_2c6                   1   N/I      0x2C6      0x2C6   .absSeg492
.abs_section_2f0                   1   N/I      0x2F0      0x2F0   .absSeg493
.abs_section_2f1                   1   N/I      0x2F1      0x2F1   .absSeg494
.abs_section_2f2                   1   N/I      0x2F2      0x2F2   .absSeg495
.abs_section_2f3                   1   N/I      0x2F3      0x2F3   .absSeg496
.abs_section_2f7                   1   N/I      0x2F7      0x2F7   .absSeg497
.abs_section_300                   1   N/I      0x300      0x300   .absSeg498
.abs_section_301                   1   N/I      0x301      0x301   .absSeg499
.abs_section_302                   1   N/I      0x302      0x302   .absSeg500
.abs_section_303                   1   N/I      0x303      0x303   .absSeg501
.abs_section_304                   1   N/I      0x304      0x304   .absSeg502
.abs_section_305                   1   N/I      0x305      0x305   .absSeg503
.abs_section_308                   1   N/I      0x308      0x308   .absSeg504
.abs_section_309                   1   N/I      0x309      0x309   .absSeg505
.abs_section_324                   1   N/I      0x324      0x324   .absSeg506
.abs_section_332                   1   N/I      0x332      0x332   .absSeg507
.abs_section_333                   1   N/I      0x333      0x333   .absSeg508
.abs_section_334                   1   N/I      0x334      0x334   .absSeg509
.abs_section_335                   1   N/I      0x335      0x335   .absSeg510
.abs_section_336                   1   N/I      0x336      0x336   .absSeg511
.abs_section_337                   1   N/I      0x337      0x337   .absSeg512
.abs_section_33a                   1   N/I      0x33A      0x33A   .absSeg513
.abs_section_33b                   1   N/I      0x33B      0x33B   .absSeg514
.abs_section_33c                   1   N/I      0x33C      0x33C   .absSeg515
.abs_section_33d                   1   N/I      0x33D      0x33D   .absSeg516
.abs_section_33e                   1   N/I      0x33E      0x33E   .absSeg517
.abs_section_33f                   1   N/I      0x33F      0x33F   .absSeg518
.abs_section_340                   1   N/I      0x340      0x340   .absSeg519
.abs_section_341                   1   N/I      0x341      0x341   .absSeg520
.abs_section_342                   1   N/I      0x342      0x342   .absSeg521
.abs_section_343                   1   N/I      0x343      0x343   .absSeg522
.abs_section_344                   1   N/I      0x344      0x344   .absSeg523
.abs_section_345                   1   N/I      0x345      0x345   .absSeg524
.abs_section_346                   1   N/I      0x346      0x346   .absSeg525
.abs_section_347                   1   N/I      0x347      0x347   .absSeg526
.abs_section_368                   1   N/I      0x368      0x368   .absSeg527
.abs_section_369                   1   N/I      0x369      0x369   .absSeg528
.abs_section_36a                   1   N/I      0x36A      0x36A   .absSeg529
.abs_section_36b                   1   N/I      0x36B      0x36B   .absSeg530
.abs_section_36c                   1   N/I      0x36C      0x36C   .absSeg531
.abs_section_36d                   1   N/I      0x36D      0x36D   .absSeg532
.abs_section_36f                   1   N/I      0x36F      0x36F   .absSeg533
.abs_section_370                   1   N/I      0x370      0x370   .absSeg534
.abs_section_371                   1   N/I      0x371      0x371   .absSeg535
.abs_section_372                   1   N/I      0x372      0x372   .absSeg536
.abs_section_373                   1   N/I      0x373      0x373   .absSeg537
.abs_section_374                   1   N/I      0x374      0x374   .absSeg538
.abs_section_375                   1   N/I      0x375      0x375   .absSeg539
.abs_section_376                   1   N/I      0x376      0x376   .absSeg540
.abs_section_377                   1   N/I      0x377      0x377   .absSeg541
.abs_section_378                   1   N/I      0x378      0x378   .absSeg542
.abs_section_379                   1   N/I      0x379      0x379   .absSeg543
.abs_section_37a                   1   N/I      0x37A      0x37A   .absSeg544
.abs_section_37b                   1   N/I      0x37B      0x37B   .absSeg545
.abs_section_37c                   1   N/I      0x37C      0x37C   .absSeg546
.abs_section_37d                   1   N/I      0x37D      0x37D   .absSeg547
.abs_section_37f                   1   N/I      0x37F      0x37F   .absSeg548
.abs_section_382                   1   N/I      0x382      0x382   .absSeg549
.abs_section_383                   1   N/I      0x383      0x383   .absSeg550
.abs_section_385                   1   N/I      0x385      0x385   .absSeg551
.abs_section_39d                   1   N/I      0x39D      0x39D   .absSeg552
.abs_section_3d0                   1   N/I      0x3D0      0x3D0   .absSeg553
.abs_section_3d1                   1   N/I      0x3D1      0x3D1   .absSeg554
.abs_section_3d2                   1   N/I      0x3D2      0x3D2   .absSeg555
.abs_section_3d3                   1   N/I      0x3D3      0x3D3   .absSeg556
.abs_section_3d6                   1   N/I      0x3D6      0x3D6   .absSeg557
.abs_section_3d7                   1   N/I      0x3D7      0x3D7   .absSeg558
.abs_section_3d8                   1   N/I      0x3D8      0x3D8   .absSeg559
.abs_section_3d9                   1   N/I      0x3D9      0x3D9   .absSeg560
.abs_section_3da                   1   N/I      0x3DA      0x3DA   .absSeg561
.abs_section_3db                   1   N/I      0x3DB      0x3DB   .absSeg562
.abs_section_3dc                   1   N/I      0x3DC      0x3DC   .absSeg563
.abs_section_3dd                   1   N/I      0x3DD      0x3DD   .absSeg564
.abs_section_3de                   1   N/I      0x3DE      0x3DE   .absSeg565
.abs_section_3df                   1   N/I      0x3DF      0x3DF   .absSeg566
.abs_section_3f0                   1   N/I      0x3F0      0x3F0   .absSeg567
.abs_section_3f1                   1   N/I      0x3F1      0x3F1   .absSeg568
.abs_section_3fc                   1   N/I      0x3FC      0x3FC   .absSeg569
.abs_section_3fe                   1   N/I      0x3FE      0x3FE   .absSeg570
.abs_section_0                     2   N/I        0x0        0x1   .absSeg571
.abs_section_2                     2   N/I        0x2        0x3   .absSeg572
.abs_section_4                     2   N/I        0x4        0x5   .absSeg573
.abs_section_6                     2   N/I        0x6        0x7   .absSeg574
.abs_section_1a                    2   N/I       0x1A       0x1B   .absSeg575
.abs_section_24                    2   N/I       0x24       0x25   .absSeg576
.abs_section_44                    2   N/I       0x44       0x45   .absSeg577
.abs_section_50                    2   N/I       0x50       0x51   .absSeg578
.abs_section_52                    2   N/I       0x52       0x53   .absSeg579
.abs_section_54                    2   N/I       0x54       0x55   .absSeg580
.abs_section_56                    2   N/I       0x56       0x57   .absSeg581
.abs_section_58                    2   N/I       0x58       0x59   .absSeg582
.abs_section_5a                    2   N/I       0x5A       0x5B   .absSeg583
.abs_section_5c                    2   N/I       0x5C       0x5D   .absSeg584
.abs_section_5e                    2   N/I       0x5E       0x5F   .absSeg585
.abs_section_62                    2   N/I       0x62       0x63   .absSeg586
.abs_section_64                    2   N/I       0x64       0x65   .absSeg587
.abs_section_72                    2   N/I       0x72       0x73   .absSeg588
.abs_section_74                    2   N/I       0x74       0x75   .absSeg589
.abs_section_76                    2   N/I       0x76       0x77   .absSeg590
.abs_section_78                    2   N/I       0x78       0x79   .absSeg591
.abs_section_7a                    2   N/I       0x7A       0x7B   .absSeg592
.abs_section_7c                    2   N/I       0x7C       0x7D   .absSeg593
.abs_section_7e                    2   N/I       0x7E       0x7F   .absSeg594
.abs_section_80                    2   N/I       0x80       0x81   .absSeg595
.abs_section_82                    2   N/I       0x82       0x83   .absSeg596
.abs_section_84                    2   N/I       0x84       0x85   .absSeg597
.abs_section_88                    2   N/I       0x88       0x89   .absSeg598
.abs_section_8a                    2   N/I       0x8A       0x8B   .absSeg599
.abs_section_8c                    2   N/I       0x8C       0x8D   .absSeg600
.abs_section_8e                    2   N/I       0x8E       0x8F   .absSeg601
.abs_section_90                    2   N/I       0x90       0x91   .absSeg602
.abs_section_92                    2   N/I       0x92       0x93   .absSeg603
.abs_section_94                    2   N/I       0x94       0x95   .absSeg604
.abs_section_96                    2   N/I       0x96       0x97   .absSeg605
.abs_section_98                    2   N/I       0x98       0x99   .absSeg606
.abs_section_9a                    2   N/I       0x9A       0x9B   .absSeg607
.abs_section_9c                    2   N/I       0x9C       0x9D   .absSeg608
.abs_section_9e                    2   N/I       0x9E       0x9F   .absSeg609
.abs_section_a0                    2   N/I       0xA0       0xA1   .absSeg610
.abs_section_a2                    2   N/I       0xA2       0xA3   .absSeg611
.abs_section_a4                    2   N/I       0xA4       0xA5   .absSeg612
.abs_section_a6                    2   N/I       0xA6       0xA7   .absSeg613
.abs_section_a8                    2   N/I       0xA8       0xA9   .absSeg614
.abs_section_aa                    2   N/I       0xAA       0xAB   .absSeg615
.abs_section_ac                    2   N/I       0xAC       0xAD   .absSeg616
.abs_section_ae                    2   N/I       0xAE       0xAF   .absSeg617
.abs_section_b8                    2   N/I       0xB8       0xB9   .absSeg618
.abs_section_c0                    2   N/I       0xC0       0xC1   .absSeg619
.abs_section_c8                    2   N/I       0xC8       0xC9   .absSeg620
.abs_section_d0                    2   N/I       0xD0       0xD1   .absSeg621
.abs_section_dc                    2   N/I       0xDC       0xDD   .absSeg622
.abs_section_f4                    2   N/I       0xF4       0xF5   .absSeg623
.abs_section_fc                    2   N/I       0xFC       0xFD   .absSeg624
.abs_section_10a                   2   N/I      0x10A      0x10B   .absSeg625
.abs_section_10c                   2   N/I      0x10C      0x10D   .absSeg626
.abs_section_10e                   2   N/I      0x10E      0x10F   .absSeg627
.abs_section_130                   2   N/I      0x130      0x131   .absSeg628
.abs_section_138                   2   N/I      0x138      0x139   .absSeg629
.abs_section_16e                   2   N/I      0x16E      0x16F   .absSeg630
.abs_section_17e                   2   N/I      0x17E      0x17F   .absSeg631
.abs_section_1ae                   2   N/I      0x1AE      0x1AF   .absSeg632
.abs_section_1be                   2   N/I      0x1BE      0x1BF   .absSeg633
.abs_section_1ee                   2   N/I      0x1EE      0x1EF   .absSeg634
.abs_section_1fe                   2   N/I      0x1FE      0x1FF   .absSeg635
.abs_section_22e                   2   N/I      0x22E      0x22F   .absSeg636
.abs_section_23e                   2   N/I      0x23E      0x23F   .absSeg637
.abs_section_270                   2   N/I      0x270      0x271   .absSeg638
.abs_section_272                   2   N/I      0x272      0x273   .absSeg639
.abs_section_274                   2   N/I      0x274      0x275   .absSeg640
.abs_section_276                   2   N/I      0x276      0x277   .absSeg641
.abs_section_278                   2   N/I      0x278      0x279   .absSeg642
.abs_section_27a                   2   N/I      0x27A      0x27B   .absSeg643
.abs_section_27c                   2   N/I      0x27C      0x27D   .absSeg644
.abs_section_27e                   2   N/I      0x27E      0x27F   .absSeg645
.abs_section_2ae                   2   N/I      0x2AE      0x2AF   .absSeg646
.abs_section_2be                   2   N/I      0x2BE      0x2BF   .absSeg647
.abs_section_2c0                   2   N/I      0x2C0      0x2C1   .absSeg648
.abs_section_2c2                   2   N/I      0x2C2      0x2C3   .absSeg649
.abs_section_2c4                   2   N/I      0x2C4      0x2C5   .absSeg650
.abs_section_2c8                   2   N/I      0x2C8      0x2C9   .absSeg651
.abs_section_2ca                   2   N/I      0x2CA      0x2CB   .absSeg652
.abs_section_2cc                   2   N/I      0x2CC      0x2CD   .absSeg653
.abs_section_2ce                   2   N/I      0x2CE      0x2CF   .absSeg654
.abs_section_2d0                   2   N/I      0x2D0      0x2D1   .absSeg655
.abs_section_2d2                   2   N/I      0x2D2      0x2D3   .absSeg656
.abs_section_2d4                   2   N/I      0x2D4      0x2D5   .absSeg657
.abs_section_2d6                   2   N/I      0x2D6      0x2D7   .absSeg658
.abs_section_2d8                   2   N/I      0x2D8      0x2D9   .absSeg659
.abs_section_2da                   2   N/I      0x2DA      0x2DB   .absSeg660
.abs_section_2dc                   2   N/I      0x2DC      0x2DD   .absSeg661
.abs_section_2de                   2   N/I      0x2DE      0x2DF   .absSeg662
.abs_section_2e0                   2   N/I      0x2E0      0x2E1   .absSeg663
.abs_section_2e2                   2   N/I      0x2E2      0x2E3   .absSeg664
.abs_section_2e4                   2   N/I      0x2E4      0x2E5   .absSeg665
.abs_section_2e6                   2   N/I      0x2E6      0x2E7   .absSeg666
.abs_section_2e8                   2   N/I      0x2E8      0x2E9   .absSeg667
.abs_section_2ea                   2   N/I      0x2EA      0x2EB   .absSeg668
.abs_section_2ec                   2   N/I      0x2EC      0x2ED   .absSeg669
.abs_section_2ee                   2   N/I      0x2EE      0x2EF   .absSeg670
.abs_section_2f4                   2   N/I      0x2F4      0x2F5   .absSeg671
.abs_section_30c                   2   N/I      0x30C      0x30D   .absSeg672
.abs_section_30e                   2   N/I      0x30E      0x30F   .absSeg673
.abs_section_310                   2   N/I      0x310      0x311   .absSeg674
.abs_section_312                   2   N/I      0x312      0x313   .absSeg675
.abs_section_314                   2   N/I      0x314      0x315   .absSeg676
.abs_section_316                   2   N/I      0x316      0x317   .absSeg677
.abs_section_318                   2   N/I      0x318      0x319   .absSeg678
.abs_section_31a                   2   N/I      0x31A      0x31B   .absSeg679
.abs_section_31c                   2   N/I      0x31C      0x31D   .absSeg680
.abs_section_31e                   2   N/I      0x31E      0x31F   .absSeg681
.abs_section_320                   2   N/I      0x320      0x321   .absSeg682
.abs_section_322                   2   N/I      0x322      0x323   .absSeg683
.abs_section_330                   2   N/I      0x330      0x331   .absSeg684
.abs_section_338                   2   N/I      0x338      0x339   .absSeg685
.abs_section_348                   2   N/I      0x348      0x349   .absSeg686
.abs_section_34a                   2   N/I      0x34A      0x34B   .absSeg687
.abs_section_34c                   2   N/I      0x34C      0x34D   .absSeg688
.abs_section_34e                   2   N/I      0x34E      0x34F   .absSeg689
.abs_section_350                   2   N/I      0x350      0x351   .absSeg690
.abs_section_352                   2   N/I      0x352      0x353   .absSeg691
.abs_section_354                   2   N/I      0x354      0x355   .absSeg692
.abs_section_356                   2   N/I      0x356      0x357   .absSeg693
.abs_section_358                   2   N/I      0x358      0x359   .absSeg694
.abs_section_35a                   2   N/I      0x35A      0x35B   .absSeg695
.abs_section_35c                   2   N/I      0x35C      0x35D   .absSeg696
.abs_section_35e                   2   N/I      0x35E      0x35F   .absSeg697
.abs_section_360                   2   N/I      0x360      0x361   .absSeg698
.abs_section_362                   2   N/I      0x362      0x363   .absSeg699
.abs_section_364                   2   N/I      0x364      0x365   .absSeg700
.abs_section_366                   2   N/I      0x366      0x367   .absSeg701
.abs_section_380                   2   N/I      0x380      0x381   .absSeg702
.abs_section_386                   2   N/I      0x386      0x387   .absSeg703
.abs_section_388                   2   N/I      0x388      0x389   .absSeg704
.abs_section_38a                   2   N/I      0x38A      0x38B   .absSeg705
.abs_section_38c                   2   N/I      0x38C      0x38D   .absSeg706
.abs_section_38e                   2   N/I      0x38E      0x38F   .absSeg707
.abs_section_390                   2   N/I      0x390      0x391   .absSeg708
.abs_section_392                   2   N/I      0x392      0x393   .absSeg709
.abs_section_394                   2   N/I      0x394      0x395   .absSeg710
.abs_section_396                   2   N/I      0x396      0x397   .absSeg711
.abs_section_398                   2   N/I      0x398      0x399   .absSeg712
.abs_section_39a                   2   N/I      0x39A      0x39B   .absSeg713
.abs_section_39e                   2   N/I      0x39E      0x39F   .absSeg714
.abs_section_3a2                   2   N/I      0x3A2      0x3A3   .absSeg715
.abs_section_3a4                   2   N/I      0x3A4      0x3A5   .absSeg716
.abs_section_3a6                   2   N/I      0x3A6      0x3A7   .absSeg717
.abs_section_3a8                   2   N/I      0x3A8      0x3A9   .absSeg718
.abs_section_3aa                   2   N/I      0x3AA      0x3AB   .absSeg719
.abs_section_3ac                   2   N/I      0x3AC      0x3AD   .absSeg720
.abs_section_3ae                   2   N/I      0x3AE      0x3AF   .absSeg721
.abs_section_3d4                   2   N/I      0x3D4      0x3D5   .absSeg722
.abs_section_3e0                   2   N/I      0x3E0      0x3E1   .absSeg723
.abs_section_3e2                   2   N/I      0x3E2      0x3E3   .absSeg724
.abs_section_3e4                   2   N/I      0x3E4      0x3E5   .absSeg725
.abs_section_3e6                   2   N/I      0x3E6      0x3E7   .absSeg726
.abs_section_3e8                   2   N/I      0x3E8      0x3E9   .absSeg727
.abs_section_3ea                   2   N/I      0x3EA      0x3EB   .absSeg728
.abs_section_3ec                   2   N/I      0x3EC      0x3ED   .absSeg729
.abs_section_3ee                   2   N/I      0x3EE      0x3EF   .absSeg730
.abs_section_3f2                   2   N/I      0x3F2      0x3F3   .absSeg731
.abs_section_ff10                234     R     0xFF10     0xFFF9   .absSeg732
.abs_section_fffa                  6     R     0xFFFA     0xFFFF   .absSeg733
.bss                               2   R/W     0x2002     0x2003   RAM
.common                          324   R/W     0x2004     0x2147   RAM
SPI_1_DATA                        23   R/W     0x2148     0x215E   RAM
SPI_1_CODE                       394     R   0xFE92D5   0xFE945E   PAGE_FE
SPI_2_DATA                        23   R/W     0x215F     0x2175   RAM
SPI_2_CODE                       394     R   0xFE945F   0xFE95E8   PAGE_FE
TI1_CODE                          16     R   0xFE95E9   0xFE95F8   PAGE_FE
TI2_CODE                          16     R   0xFE95F9   0xFE9608   PAGE_FE
CS1_CODE                          13     R   0xFE9609   0xFE9615   PAGE_FE
CS2_CODE                          13     R   0xFE9616   0xFE9622   PAGE_FE
CAN1_DATA                          2   R/W     0x2176     0x2177   RAM
CAN1_CODE                        625     R   0xFE9623   0xFE9893   PAGE_FE
.stack                           128   R/W     0x2178     0x21F7   RAM

Summary of section sizes per section type:
READ_ONLY (R):        1CD7 (dec:     7383)
READ_WRITE (R/W):      1F8 (dec:      504)
NO_INIT (N/I):         37D (dec:      893)

*********************************************************************************************
VECTOR-ALLOCATION SECTION
    Address     InitValue   InitFunction
---------------------------------------------------------------------------------------------

*********************************************************************************************
OBJECT-ALLOCATION SECTION
     Name               Module                 Addr   hSize   dSize     Ref    Section   RLIB
---------------------------------------------------------------------------------------------
MODULE:                 -- Start12.c.o --
- PROCEDURES:
     Init                                    FE8000      29      41       2   .text       
     _Startup                                  C134       B      11       1   NON_BANKED  
- VARIABLES:
     _startupData                              C040       6       6       3   .startData  
- LABELS:
     __SEG_END_SSTACK                          21F8       0       0       1               
MODULE:                 -- STDLIB.C.o (ansixbi.lib) --
- PROCEDURES:
     abs                                     FE8029       C      12       4   .text       
- VARIABLES:
MODULE:                 -- rtshc12.c.o (ansixbi.lib) --
- PROCEDURES:
     _BSHL                                     C13F       8       8       2   NON_BANKED  
     _ISHL                                     C147       B      11       1   NON_BANKED  
     _ISHRS                                    C152       C      12       1   NON_BANKED  
     _LSHL                                     C15E       D      13       2   NON_BANKED  
     _LSHRU                                    C16B       E      14       2   NON_BANKED  
     _CASE_CHECKED_BYTE                        C179      14      20       4   NON_BANKED  
- VARIABLES:
MODULE:                 -- Cpu.c.o --
- PROCEDURES:
     PE_low_level_init                       FE8035     1B2     434       2   .text       
     Cpu_Interrupt                             C000       2       2     110   .init       
     Cpu_Delay100US                            C002       E      14      14   .init       
     _EntryPoint                               C010      30      48       3   .init       
- VARIABLES:
     CCR_reg                                   2004       1       1      19   .common     
MODULE:                 -- IO_Map.c.o --
- PROCEDURES:
- VARIABLES:
     _PORTE                                       8       1       1       0   .abs_section_8
     _DDRE                                        9       1       1       0   .abs_section_9
     _MMCCTL0                                     A       1       1       0   .abs_section_a
     _MODE                                        B       1       1       0   .abs_section_b
     _PUCR                                        C       1       1       0   .abs_section_c
     _RDRIV                                       D       1       1       1   .abs_section_d
     _EBICTL0                                     E       1       1       0   .abs_section_e
     _EBICTL1                                     F       1       1       0   .abs_section_f
     _GPAGE                                      10       1       1       0   .abs_section_10
     _DIRECT                                     11       1       1       1   .abs_section_11
     _MMCCTL1                                    13       1       1       1   .abs_section_13
     _PPAGE                                      15       1       1       0   .abs_section_15
     _RPAGE                                      16       1       1       0   .abs_section_16
     _EPAGE                                      17       1       1       0   .abs_section_17
     _ECLKCTL                                    1C       1       1       1   .abs_section_1c
     _IRQCR                                      1E       1       1       1   .abs_section_1e
     _DBGC1                                      20       1       1       0   .abs_section_20
     _DBGSR                                      21       1       1       0   .abs_section_21
     _DBGTCR                                     22       1       1       0   .abs_section_22
     _DBGC2                                      23       1       1       0   .abs_section_23
     _DBGCNT                                     26       1       1       0   .abs_section_26
     _DBGSCRX                                    27       1       1       0   .abs_section_27
     _DBGXCTL                                    28       1       1       0   .abs_section_28
     _DBGXAH                                     29       1       1       0   .abs_section_29
     _DBGXAM                                     2A       1       1       0   .abs_section_2a
     _DBGXAL                                     2B       1       1       0   .abs_section_2b
     _DBGXDH                                     2C       1       1       0   .abs_section_2c
     _DBGXDL                                     2D       1       1       0   .abs_section_2d
     _DBGXDHM                                    2E       1       1       0   .abs_section_2e
     _DBGXDLM                                    2F       1       1       0   .abs_section_2f
     _PORTK                                      32       1       1       0   .abs_section_32
     _DDRK                                       33       1       1       1   .abs_section_33
     _SYNR                                       34       1       1       1   .abs_section_34
     _REFDV                                      35       1       1       1   .abs_section_35
     _POSTDIV                                    36       1       1       1   .abs_section_36
     _CRGFLG                                     37       1       1       1   .abs_section_37
     _CRGINT                                     38       1       1       1   .abs_section_38
     _CLKSEL                                     39       1       1       2   .abs_section_39
     _PLLCTL                                     3A       1       1       2   .abs_section_3a
     _RTICTL                                     3B       1       1       0   .abs_section_3b
     _COPCTL                                     3C       1       1       1   .abs_section_3c
     _ARMCOP                                     3F       1       1       0   .abs_section_3f
     _ECT_TIOS                                   40       1       1       1   .abs_section_40
     _ECT_CFORC                                  41       1       1       0   .abs_section_41
     _ECT_OC7M                                   42       1       1       1   .abs_section_42
     _ECT_OC7D                                   43       1       1       0   .abs_section_43
     _ECT_TSCR1                                  46       1       1       2   .abs_section_46
     _ECT_TTOV                                   47       1       1       1   .abs_section_47
     _ECT_TCTL1                                  48       1       1       0   .abs_section_48
     _ECT_TCTL2                                  49       1       1       1   .abs_section_49
     _ECT_TCTL3                                  4A       1       1       0   .abs_section_4a
     _ECT_TCTL4                                  4B       1       1       0   .abs_section_4b
     _ECT_TIE                                    4C       1       1      10   .abs_section_4c
     _ECT_TSCR2                                  4D       1       1       2   .abs_section_4d
     _ECT_TFLG1                                  4E       1       1       5   .abs_section_4e
     _ECT_TFLG2                                  4F       1       1       0   .abs_section_4f
     _ECT_PACTL                                  60       1       1       1   .abs_section_60
     _ECT_PAFLG                                  61       1       1       0   .abs_section_61
     _ECT_MCCTL                                  66       1       1       1   .abs_section_66
     _ECT_MCFLG                                  67       1       1       0   .abs_section_67
     _ECT_ICPAR                                  68       1       1       0   .abs_section_68
     _ECT_DLYCT                                  69       1       1       0   .abs_section_69
     _ECT_ICOVW                                  6A       1       1       0   .abs_section_6a
     _ECT_ICSYS                                  6B       1       1       0   .abs_section_6b
     _ECT_OCPD                                   6C       1       1       1   .abs_section_6c
     _ECT_PTPSR                                  6E       1       1       0   .abs_section_6e
     _ECT_PTMCPSR                                6F       1       1       0   .abs_section_6f
     _ECT_PBCTL                                  70       1       1       0   .abs_section_70
     _ECT_PBFLG                                  71       1       1       0   .abs_section_71
     _ATD1STAT0                                  86       1       1       0   .abs_section_86
     _SCI2ACR2                                   BA       1       1       0   .abs_section_ba
     _SCI2CR2                                    BB       1       1       0   .abs_section_bb
     _SCI2SR1                                    BC       1       1       0   .abs_section_bc
     _SCI2SR2                                    BD       1       1       0   .abs_section_bd
     _SCI2DRH                                    BE       1       1       0   .abs_section_be
     _SCI2DRL                                    BF       1       1       0   .abs_section_bf
     _SCI3ACR2                                   C2       1       1       0   .abs_section_c2
     _SCI3CR2                                    C3       1       1       0   .abs_section_c3
     _SCI3SR1                                    C4       1       1       0   .abs_section_c4
     _SCI3SR2                                    C5       1       1       0   .abs_section_c5
     _SCI3DRH                                    C6       1       1       0   .abs_section_c6
     _SCI3DRL                                    C7       1       1       0   .abs_section_c7
     _SCI0ACR2                                   CA       1       1       0   .abs_section_ca
     _SCI0CR2                                    CB       1       1       0   .abs_section_cb
     _SCI0SR1                                    CC       1       1       0   .abs_section_cc
     _SCI0SR2                                    CD       1       1       0   .abs_section_cd
     _SCI0DRH                                    CE       1       1       0   .abs_section_ce
     _SCI0DRL                                    CF       1       1       0   .abs_section_cf
     _SCI1ACR2                                   D2       1       1       0   .abs_section_d2
     _SCI1CR2                                    D3       1       1       0   .abs_section_d3
     _SCI1SR1                                    D4       1       1       0   .abs_section_d4
     _SCI1SR2                                    D5       1       1       0   .abs_section_d5
     _SCI1DRH                                    D6       1       1       0   .abs_section_d6
     _SCI1DRL                                    D7       1       1       0   .abs_section_d7
     _SPI0CR1                                    D8       1       1       2   .abs_section_d8
     _SPI0CR2                                    D9       1       1       1   .abs_section_d9
     _SPI0BR                                     DA       1       1       1   .abs_section_da
     _SPI0SR                                     DB       1       1       3   .abs_section_db
     _IIC0_IBAD                                  E0       1       1       0   .abs_section_e0
     _IIC0_IBFD                                  E1       1       1       0   .abs_section_e1
     _IIC0_IBCR                                  E2       1       1       0   .abs_section_e2
     _IIC0_IBSR                                  E3       1       1       0   .abs_section_e3
     _IIC0_IBDR                                  E4       1       1       0   .abs_section_e4
     _IIC0_IBCR2                                 E5       1       1       0   .abs_section_e5
     _SPI1CR1                                    F0       1       1       2   .abs_section_f0
     _SPI1CR2                                    F1       1       1       1   .abs_section_f1
     _SPI1BR                                     F2       1       1       1   .abs_section_f2
     _SPI1SR                                     F3       1       1       3   .abs_section_f3
     _SPI2CR1                                    F8       1       1       0   .abs_section_f8
     _SPI2CR2                                    F9       1       1       0   .abs_section_f9
     _SPI2BR                                     FA       1       1       0   .abs_section_fa
     _SPI2SR                                     FB       1       1       0   .abs_section_fb
     _FCLKDIV                                   100       1       1       0   .abs_section_100
     _FSEC                                      101       1       1       0   .abs_section_101
     _FCCOBIX                                   102       1       1       0   .abs_section_102
     _FECCRIX                                   103       1       1       0   .abs_section_103
     _FCNFG                                     104       1       1       0   .abs_section_104
     _FERCNFG                                   105       1       1       0   .abs_section_105
     _FSTAT                                     106       1       1       0   .abs_section_106
     _FERSTAT                                   107       1       1       0   .abs_section_107
     _FPROT                                     108       1       1       0   .abs_section_108
     _EPROT                                     109       1       1       0   .abs_section_109
     _FOPT                                      110       1       1       0   .abs_section_110
     _MPUFLG                                    114       1       1       0   .abs_section_114
     _MPUASTAT0                                 115       1       1       0   .abs_section_115
     _MPUASTAT1                                 116       1       1       0   .abs_section_116
     _MPUASTAT2                                 117       1       1       0   .abs_section_117
     _MPUSEL                                    119       1       1       8   .abs_section_119
     _MPUDESC0                                  11A       1       1       8   .abs_section_11a
     _MPUDESC1                                  11B       1       1       8   .abs_section_11b
     _MPUDESC2                                  11C       1       1       8   .abs_section_11c
     _MPUDESC3                                  11D       1       1       8   .abs_section_11d
     _MPUDESC4                                  11E       1       1       8   .abs_section_11e
     _MPUDESC5                                  11F       1       1       8   .abs_section_11f
     _IVBR                                      121       1       1       1   .abs_section_121
     _INT_XGPRIO                                126       1       1       0   .abs_section_126
     _INT_CFADDR                                127       1       1       3   .abs_section_127
     _INT_CFDATA0                               128       1       1       1   .abs_section_128
     _INT_CFDATA1                               129       1       1       1   .abs_section_129
     _INT_CFDATA2                               12A       1       1       1   .abs_section_12a
     _INT_CFDATA3                               12B       1       1       0   .abs_section_12b
     _INT_CFDATA4                               12C       1       1       1   .abs_section_12c
     _INT_CFDATA5                               12D       1       1       0   .abs_section_12d
     _INT_CFDATA6                               12E       1       1       1   .abs_section_12e
     _INT_CFDATA7                               12F       1       1       2   .abs_section_12f
     _SCI4ACR2                                  132       1       1       0   .abs_section_132
     _SCI4CR2                                   133       1       1       0   .abs_section_133
     _SCI4SR1                                   134       1       1       0   .abs_section_134
[...]
     SPI_2_RecvChar                          FE945F      4D      77       2   SPI_2_CODE  
     SPI_2_RecvBlock                         FE94AC      3D      61       2   SPI_2_CODE  
     SPI_2_SendBlock                         FE94E9      84     132       4   SPI_2_CODE  
     SPI_2_ClearRxBuf                        FE956D      20      32       8   SPI_2_CODE  
     SPI_2_ClearTxBuf                        FE958D      20      32       4   SPI_2_CODE  
     SPI_2_Init                              FE95AD      3C      60       2   SPI_2_CODE  
     TI1_Enable                              FE95E9      10      16       2   TI1_CODE    
     TI2_Enable                              FE95F9      10      16       4   TI2_CODE    
     CS1_PutVal                              FE9609       D      13      30   CS1_CODE    
     CS2_PutVal                              FE9616       D      13      30   CS2_CODE    
     CAN1_SendFrame                          FE9623     121     289      21   CAN1_CODE   
     CAN1_SetTxBufPriority                   FE9744      24      36       4   CAN1_CODE   
     CAN1_ReadFrame                          FE9768      CD     205       3   CAN1_CODE   
     CAN1_Init                               FE9835      5F      95       2   CAN1_CODE   

*********************************************************************************************
UNUSED-OBJECTS SECTION
---------------------------------------------------------------------------------------------
NOT USED PROCEDURES
STDLIB.C.o (ansixbi.lib):
  atexit getenv system mblen mbtowc wctomb mbstowcs wcstombs CheckCharWithBase 
  _strtoul strtoul _strtol strtol _itoa bsearch swap qsort div ldiv labs rand 
  srand 
rtshc12.c.o (ansixbi.lib):
  _BSHRS _BSHRU _BDIVMODU _BDIVMODS _ISHRU _LSHRS _LADD _LSUB _LAND _LOR _LXOR 
  _LCMP _LCMP_P _LCMP_PP _LNEG _LCOM _LINC _LDEC _LMUL _LMULU16x32 _LMULS16x32 
  _lDivMod _LDIVU _NEG_P _LDIVS _LMODU _LMODS _ILSEXT _COPY _CASE_DIRECT 
  _CASE_DIRECT_BYTE _CASE_CHECKED _CASE_SEARCH _CASE_SEARCH_BYTE _CASE_SEARCH_8 
  _CASE_SEARCH_8_BYTE _FCALL _FPCMP _PADD _PSUB _PINC _PDEC 
debug_test.c.o:
  init_PEC15_Table pec15 PECcheck 
SPI_1.c.o:
  SPI_1_SendChar SPI_1_GetError 
SPI_2.c.o:
  SPI_2_SendChar SPI_2_GetError 
CAN1.c.o:
  CAN1_SetAcceptanceMode CAN1_GetStateRX CAN1_SetAcceptanceCode CAN1_GetError 
  CAN1_SendFrameExt CAN1_SetAcceptanceMask 
NOT USED VARIABLES
STDLIB.C.o (ansixbi.lib):
  seed channels errno 
rtshc12.c.o (ansixbi.lib):
  _PowOfTwo_8 _PowOfTwo_16 _PowOfTwo_32 errno 
debug_test.c.o:
  RDSTATA1 RDSTATA2 RDSTATB1 RDSTATB2 test CRC15_POLY CANrecFlag CANsenData 
  PECflag RecPEC pec15Table remainder 

*********************************************************************************************
COPYDOWN SECTION
---------------------------------------------------------------------------------------------
------- ROM-ADDRESS: 0xC34C ---- SIZE       4 ---
Filling bytes inserted
 00012001
------- ROM-ADDRESS: 0xC350 ---- RAM-ADDRESS: 0x2001 ---- SIZE       1 ---
Name of initialized Object : H:1
 32
------- ROM-ADDRESS: 0xC351 ---- SIZE       2 ---
Filling bytes inserted
 0000

*********************************************************************************************
OBJECT-DEPENDENCIES SECTION
---------------------------------------------------------------------------------------------
_EntryPoint               USES _MMCCTL1 _DIRECT _IVBR _ECLKCTL _CLKSEL _PLLCTL 
                                _SYNR _REFDV _POSTDIV _CRGFLG _VREGHTCL _Startup 
_Startup                  USES __SEG_END_SSTACK Init main 
TI1_Interrupt             USES _ECT_TC0 _ECT_TFLG1 TI1_OnInterrupt 
TI2_Interrupt             USES _ECT_TC1 _ECT_TFLG1 TI2_OnInterrupt 
SPI_1_Interrupt           USES _SPI1SR _SPI1DR SPI_1_InpLen InpPtrW InpBuffer 
                                SerFlag ErrFlag SPI_1_OutLen OutPtrR OutBuffer 
                                OnFreeTxBuf_semaphore SPI_1_OnError SPI_1_OnFullRxBuf 
                                SPI_1_OnFreeTxBuf 
SPI_2_Interrupt           USES _SPI0SR _SPI0DR SPI_2_InpLen InpPtrW InpBuffer 
                                SerFlag ErrFlag SPI_2_OutLen OutPtrR OutBuffer 
                                OnFreeTxBuf_semaphore SPI_2_OnError SPI_2_OnFullRxBuf 
                                SPI_2_OnFreeTxBuf 
CAN1_InterruptTx          USES _CAN0TFLG _CAN0TIER CAN1_OnFreeTxBuffer 
CAN1_InterruptRx          USES SerFlag ErrFlag CAN1_OnFullRxBuffer _CAN0RFLG 
CAN1_InterruptError       USES _CAN0RFLG ErrFlag CAN1_OnBusOff 
_InterruptVectorTable     USES Cpu_Interrupt CAN1_InterruptTx CAN1_InterruptRx 
                                CAN1_InterruptError SPI_1_Interrupt SPI_2_Interrupt TI2_Interrupt 
                                TI1_Interrupt 
_ResetVectorTable         USES _EntryPoint 
Init                      USES _startupData 
PE_low_level_init         USES _INT_CFADDR _INT_CFDATA0 _INT_CFDATA1 
                                _INT_CFDATA2 _INT_CFDATA7 _INT_CFDATA4 _INT_CFDATA6 _MPUSEL 
                                _MPUDESC2 _MPUDESC1 _MPUDESC0 _MPUDESC5 _MPUDESC4 
                                _MPUDESC3 _MODRR _PIEP _PTP _DDRP _PTS _DDRS _ECT_TSCR1 
                                _ECT_MCCTL _ECT_OCPD _ECT_PACTL _ECT_OC7M _ECT_TIOS 
                                _ECT_TCTL2 _ECT_TTOV _ECT_TSCR2 _ECT_TFLG1 _ECT_TIE _PERP 
                                _WOMS _CRGINT _VREGCTRL _COPCTL _DDR01AD1 _DDRCD 
                                _DDRF _DDRJ _DDRK _DDRL _DDRR _RDRIV _RDRH _RDRJ 
                                _RDRM _RDRP _RDRS _RDRT _RDR01AD0 _IRQCR SPI_1_Init 
                                SPI_2_Init _ECT_TC0 _ECT_TC1 CAN1_Init 
TI1_OnInterrupt           USES intervalFlag 
SPI_1_OnFullRxBuf         USES SPIsenFlag _CASE_CHECKED_BYTE Rec 
                                SPI_1_ClearRxBuf Num SPI_1_RecvBlock RecState 
TI2_OnInterrupt           USES convertFlag 
SPI_2_OnFullRxBuf         USES SPIsenFlag _CASE_CHECKED_BYTE Rec 
                                SPI_2_ClearRxBuf Num SPI_2_RecvBlock RecState 
CAN1_OnFreeTxBuffer       USES CANsenFlag 
CAN1_OnFullRxBuffer       USES CANrecID CANrecLen CANrecData CAN1_ReadFrame 
                                _CASE_CHECKED_BYTE checkFlag 
send                      USES SPIsenFlag Num SPI_1_ClearTxBuf SenState 
                                SPI_1_ClearRxBuf SPI_1_SendBlock SPI_2_ClearTxBuf 
                                SPI_2_ClearRxBuf SPI_2_SendBlock 
readData                  USES SPIsenFlag Num SPI_1_ClearTxBuf SenState 
                                SPI_1_ClearRxBuf SPI_2_ClearTxBuf SPI_2_ClearRxBuf empty 
                                SPI_1_SendBlock SPI_2_SendBlock 
writeConReg               USES WRCFG1 send CFGR1 WRCFG2 CFGR2 
wakeup                    USES empty send Cpu_Delay100US 
init6804                  USES wakeup CS1_PutVal Cpu_Delay100US writeConReg 
                                CS2_PutVal 
startVolConvert           USES wakeup CS1_PutVal Cpu_Delay100US ADCV1 send 
                                CS2_PutVal ADCV2 
startTempConvert          USES wakeup CS1_PutVal Cpu_Delay100US ADAX1 send 
                                CS2_PutVal ADAX2 
readReg                   USES wakeup CS1_PutVal send readData CS2_PutVal Rec 
                                Cpu_Delay100US 
clearCellVol              USES wakeup CS1_PutVal Cpu_Delay100US CLRCELL1 send 
                                CS2_PutVal CLRCELL2 
clearCellTemp             USES wakeup CS1_PutVal Cpu_Delay100US CLRAUX1 send 
                                CS2_PutVal CLRAUX2 
GetRegData                USES ConRegData1 ConReg ConRegData2 _ISHRS 
readConReg                USES RDCFG1 ConRegData1 readReg RDCFG2 ConRegData2 
                                GetRegData 
getCellPU                 USES ResA getCellPU cellPU1 ResB ResC ResD cellPU2 
getCellPD                 USES ResA getCellPD cellPD1 ResB ResC ResD cellPD2 
getOpenCheckVal           USES getOpenCheckVal CS1_PutVal ADOWPU1 getCellPU 
                                ADOWPD1 CS2_PutVal ADOWPU2 ADOWPD2 getCellPD RDCVA1 
                                ResA readReg RDCVB1 ResB RDCVC1 ResC RDCVD1 ResD 
                                RDCVA2 RDCVB2 RDCVC2 RDCVD2 send wakeup 
                                Cpu_Delay100US 
openCheck                 USES openCheck getOpenCheckVal cellPU1 cellPD1 
                                cellDelt1 cellPU2 cellPD2 cellDelt2 _ISHL 
CalTemp                   USES TempTable abs CalTemp 
getVolVal                 USES ResA getVolVal cellVol1 ResB ResC ResD cellVol2 
getTempVal                USES ResA getTempVal cellTemp1 ResB cellTempREF1 
                                cellTemp2 cellTempREF2 
measureVol                USES convertFlag measureVol _ECT_TIE RDCVA1 ResA 
                                readReg RDCVB1 ResB RDCVC1 ResC RDCVD1 ResD getVolVal 
                                RDCVA2 RDCVB2 RDCVC2 RDCVD2 clearCellVol 
                                startVolConvert TI2_Enable 
measureTemp               USES measureTemp convertFlag _ECT_TIE RDAUXA1 ResA 
                                readReg RDAUXB1 ResB getTempVal cellTemp1 DisTemp 
                                RDAUXA2 RDAUXB2 clearCellTemp L H CalTemp 
                                startTempConvert TI2_Enable 
CANsendVol                USES cellVol1 CAN1_SendFrame CANstate CANsenFlag 
                                cellVol2 
CANsendTemp               USES DisTemp CAN1_SendFrame CANsenFlag 
CANsendOpen               USES openStatus CAN1_SendFrame CANstate CANsenFlag 
CANsendConReg             USES ConReg CAN1_SendFrame CANstate CANsenFlag 
initCAN                   USES CAN1_SetTxBufPriority CANstate 
main                      USES PE_low_level_init init6804 initCAN checkFlag 
                                _CASE_CHECKED_BYTE TI1_Enable intervalFlag measureVol measureTemp 
                                openCheck openStatus CANsendVol CANsendTemp CANsendOpen 
                                readConReg CANsendConReg _ECT_TIE 
SPI_1_RecvChar            USES SPI_1_InpLen CCR_reg InpPtrR InpBuffer SerFlag 
SPI_1_RecvBlock           USES SPI_1_RecvChar 
SPI_1_SendBlock           USES OnFreeTxBuf_semaphore CCR_reg SPI_1_OutLen 
                                OutPtrW OutBuffer SerFlag _SPI1SR OutPtrR _SPI1DR 
SPI_1_ClearRxBuf          USES CCR_reg SPI_1_InpLen InpBuffer InpPtrR InpPtrW 
SPI_1_ClearTxBuf          USES CCR_reg SPI_1_OutLen OutBuffer OutPtrR OutPtrW 
SPI_1_Init                USES _SPI1CR1 _SPI1SR _SPI1DR _SPI1BR _SPI1CR2 
                                SerFlag ErrFlag OnFreeTxBuf_semaphore SPI_1_InpLen 
                                InpBuffer InpPtrR InpPtrW SPI_1_OutLen OutBuffer OutPtrR 
                                OutPtrW 
SPI_2_RecvChar            USES SPI_2_InpLen CCR_reg InpPtrR InpBuffer SerFlag 
SPI_2_RecvBlock           USES SPI_2_RecvChar 
SPI_2_SendBlock           USES OnFreeTxBuf_semaphore CCR_reg SPI_2_OutLen 
                                OutPtrW OutBuffer SerFlag _SPI0SR OutPtrR _SPI0DR 
SPI_2_ClearRxBuf          USES CCR_reg SPI_2_InpLen InpBuffer InpPtrR InpPtrW 
SPI_2_ClearTxBuf          USES CCR_reg SPI_2_OutLen OutBuffer OutPtrR OutPtrW 
SPI_2_Init                USES _SPI0CR1 _SPI0SR _SPI0DR _SPI0BR _SPI0CR2 
                                SerFlag ErrFlag OnFreeTxBuf_semaphore SPI_2_InpLen 
                                InpBuffer InpPtrR InpPtrW SPI_2_OutLen OutBuffer OutPtrR 
                                OutPtrW 
TI1_Enable                USES _ECT_TCNT _ECT_TC0 _ECT_TFLG1 _ECT_TIE 
TI2_Enable                USES _ECT_TCNT _ECT_TC1 _ECT_TFLG1 _ECT_TIE 
CS1_PutVal                USES _PTP 
CS2_PutVal                USES _PTS 
CAN1_SendFrame            USES _BSHL CCR_reg _CAN0TFLG CAN1_SendFrame 
                                _CAN0TBSEL _CAN0TXIDR0 _CAN0TIER _LSHL 
CAN1_SetTxBufPriority     USES _BSHL _CAN0TBSEL _CAN0TXIDR0 
CAN1_ReadFrame            USES SerFlag CAN1_ReadFrame _CAN0RXIDR0 _CAN0RXIDR1 
                                _CAN0RXIDR2 _CAN0RXIDR3 _LSHRU _CAN0RXDLR _CAN0RXDSR0 
CAN1_Init                 USES _CAN0CTL1 _CAN0CTL0 _CAN0IDAC _CAN0IDAR0 
                                _CAN0IDAR1 _CAN0IDAR2 _CAN0IDAR3 _CAN0IDAR4 _CAN0IDAR5 
                                _CAN0IDAR6 _CAN0IDAR7 _CAN0IDMR0 _CAN0IDMR1 _CAN0IDMR2 
                                _CAN0IDMR3 _CAN0IDMR4 _CAN0IDMR5 _CAN0IDMR6 _CAN0IDMR7 
                                _CAN0BTR0 _CAN0BTR1 _CAN0RFLG _CAN0RIER 

*********************************************************************************************
DEPENDENCY TREE
*********************************************************************************************
 main and _Startup Group
 | 
 +- main                
 |  | 
 |  +- PE_low_level_init   
 |  |  | 
 |  |  +- SPI_1_Init          
 |  |  |    
 |  |  +- SPI_2_Init          
 |  |  |    
 |  |  +- CAN1_Init           
 |  |       
 |  +- init6804            
 |  |  | 
 |  |  +- wakeup              
 |  |  |  | 
 |  |  |  +- send                
 |  |  |  |  | 
 |  |  |  |  +- SPI_1_ClearTxBuf    
 |  |  |  |  |    
 |  |  |  |  +- SPI_1_ClearRxBuf    
 |  |  |  |  |    
 |  |  |  |  +- SPI_1_SendBlock     
 |  |  |  |  |    
 |  |  |  |  +- SPI_2_ClearTxBuf    
 |  |  |  |  |    
 |  |  |  |  +- SPI_2_ClearRxBuf    
 |  |  |  |  |    
 |  |  |  |  +- SPI_2_SendBlock     
 |  |  |  |       
 |  |  |  +- Cpu_Delay100US      
 |  |  |       
 |  |  +- CS1_PutVal          
 |  |  |    
 |  |  +- Cpu_Delay100US       (see above)
 |  |  |  
 |  |  +- writeConReg         
 |  |  |  | 
 |  |  |  +- send                 (see above)
 |  |  |     
 |  |  +- CS2_PutVal          
 |  |       
 |  +- initCAN             
 |  |  | 
 |  |  +- CAN1_SetTxBufPriority
 |  |     | 
 |  |     +- _BSHL               
 |  |          
 |  +- _CASE_CHECKED_BYTE  
 |  |    
 |  +- TI1_Enable          
 |  |    
 |  +- measureVol          
 |  |  | 
 |  |  +- readReg             
 |  |  |  | 
 |  |  |  +- wakeup               (see above)
 |  |  |  |  
 |  |  |  +- CS1_PutVal           (see above)
 |  |  |  |  
 |  |  |  +- send                 (see above)
 |  |  |  |  
 |  |  |  +- readData            
 |  |  |  |  | 
 |  |  |  |  +- SPI_1_ClearTxBuf     (see above)
 |  |  |  |  |  
 |  |  |  |  +- SPI_1_ClearRxBuf     (see above)
 |  |  |  |  |  
 |  |  |  |  +- SPI_2_ClearTxBuf     (see above)
 |  |  |  |  |  
 |  |  |  |  +- SPI_2_ClearRxBuf     (see above)
 |  |  |  |  |  
 |  |  |  |  +- SPI_1_SendBlock      (see above)
 |  |  |  |  |  
 |  |  |  |  +- SPI_2_SendBlock      (see above)
 |  |  |  |     
 |  |  |  +- CS2_PutVal           (see above)
 |  |  |  |  
 |  |  |  +- Cpu_Delay100US       (see above)
 |  |  |     
 |  |  +- getVolVal           
 |  |  |    
 |  |  +- clearCellVol        
 |  |  |  | 
 |  |  |  +- wakeup               (see above)
 |  |  |  |  
 |  |  |  +- CS1_PutVal           (see above)
 |  |  |  |  
 |  |  |  +- Cpu_Delay100US       (see above)
 |  |  |  |  
 |  |  |  +- send                 (see above)
 |  |  |  |  
 |  |  |  +- CS2_PutVal           (see above)
 |  |  |     
 |  |  +- startVolConvert     
 |  |  |  | 
 |  |  |  +- wakeup               (see above)
 |  |  |  |  
 |  |  |  +- CS1_PutVal           (see above)
 |  |  |  |  
 |  |  |  +- Cpu_Delay100US       (see above)
 |  |  |  |  
 |  |  |  +- send                 (see above)
 |  |  |  |  
 |  |  |  +- CS2_PutVal           (see above)
 |  |  |     
 |  |  +- TI2_Enable          
 |  |       
 |  +- measureTemp         
 |  |  | 
 |  |  +- readReg              (see above)
 |  |  |  
 |  |  +- getTempVal          
 |  |  |    
 |  |  +- clearCellTemp       
 |  |  |  | 
 |  |  |  +- wakeup               (see above)
 |  |  |  |  
 |  |  |  +- CS1_PutVal           (see above)
 |  |  |  |  
 |  |  |  +- Cpu_Delay100US       (see above)
 |  |  |  |  
 |  |  |  +- send                 (see above)
 |  |  |  |  
 |  |  |  +- CS2_PutVal           (see above)
 |  |  |     
 |  |  +- CalTemp             
 |  |  |  | 
 |  |  |  +- abs                 
 |  |  |       
 |  |  +- startTempConvert    
 |  |  |  | 
 |  |  |  +- wakeup               (see above)
 |  |  |  |  
 |  |  |  +- CS1_PutVal           (see above)
 |  |  |  |  
 |  |  |  +- Cpu_Delay100US       (see above)
 |  |  |  |  
 |  |  |  +- send                 (see above)
 |  |  |  |  
 |  |  |  +- CS2_PutVal           (see above)
 |  |  |     
 |  |  +- TI2_Enable           (see above)
 |  |     
 |  +- openCheck           
 |  |  | 
 |  |  +- getOpenCheckVal     
 |  |  |  | 
 |  |  |  +- CS1_PutVal           (see above)
 |  |  |  |  
 |  |  |  +- getCellPU           
 |  |  |  |    
 |  |  |  +- CS2_PutVal           (see above)
 |  |  |  |  
 |  |  |  +- getCellPD           
 |  |  |  |    
 |  |  |  +- readReg              (see above)
 |  |  |  |  
 |  |  |  +- send                 (see above)
 |  |  |  |  
 |  |  |  +- wakeup               (see above)
 |  |  |  |  
 |  |  |  +- Cpu_Delay100US       (see above)
 |  |  |     
 |  |  +- _ISHL               
 |  |       
 |  +- CANsendVol          
 |  |  | 
 |  |  +- CAN1_SendFrame      
 |  |     | 
 |  |     +- _BSHL                (see above)
 |  |     |  
 |  |     +- _LSHL               
 |  |          
 |  +- CANsendTemp         
 |  |  | 
 |  |  +- CAN1_SendFrame       (see above)
 |  |     
 |  +- CANsendOpen         
 |  |  | 
 |  |  +- CAN1_SendFrame       (see above)
 |  |     
 |  +- readConReg          
 |  |  | 
 |  |  +- readReg              (see above)
 |  |  |  
 |  |  +- GetRegData          
 |  |     | 
 |  |     +- _ISHRS              
 |  |          
 |  +- CANsendConReg       
 |     | 
 |     +- CAN1_SendFrame       (see above)
 |        
 +- _EntryPoint         
    | 
    +- _Startup            
       | 
       +- Init                
       |    
       +- main                 (see above)
          
 _InterruptVectorTable
 | 
 +- Cpu_Interrupt       
 |    
 +- CAN1_InterruptTx    
 |  | 
 |  +- CAN1_OnFreeTxBuffer 
 |       
 +- CAN1_InterruptRx    
 |  | 
 |  +- CAN1_OnFullRxBuffer 
 |     | 
 |     +- CAN1_ReadFrame      
 |     |  | 
 |     |  +- _LSHRU              
 |     |       
 |     +- _CASE_CHECKED_BYTE   (see above)
 |        
 +- CAN1_InterruptError 
 |  | 
 |  +- CAN1_OnBusOff       
 |       
 +- SPI_1_Interrupt     
 |  | 
 |  +- SPI_1_OnError       
 |  |    
 |  +- SPI_1_OnFullRxBuf   
 |  |  | 
 |  |  +- _CASE_CHECKED_BYTE   (see above)
 |  |  |  
 |  |  +- SPI_1_ClearRxBuf     (see above)
 |  |  |  
 |  |  +- SPI_1_RecvBlock     
 |  |     | 
 |  |     +- SPI_1_RecvChar      
 |  |          
 |  +- SPI_1_OnFreeTxBuf   
 |       
 +- SPI_2_Interrupt     
 |  | 
 |  +- SPI_2_OnError       
 |  |    
 |  +- SPI_2_OnFullRxBuf   
 |  |  | 
 |  |  +- _CASE_CHECKED_BYTE   (see above)
 |  |  |  
 |  |  +- SPI_2_ClearRxBuf     (see above)
 |  |  |  
 |  |  +- SPI_2_RecvBlock     
 |  |     | 
 |  |     +- SPI_2_RecvChar      
 |  |          
 |  +- SPI_2_OnFreeTxBuf   
 |       
 +- TI2_Interrupt       
 |  | 
 |  +- TI2_OnInterrupt     
 |       
 +- TI1_Interrupt       
    | 
    +- TI1_OnInterrupt     
         
 _ResetVectorTable   
 | 
 +- _EntryPoint          (see above)
    
*********************************************************************************************
STATISTIC SECTION
---------------------------------------------------------------------------------------------

ExeFile:
--------
Number of blocks to be downloaded: 11
Total size of all blocks to be downloaded: 7383

